"Rosé Pine" "https://github.com/HyDE-Project/hyde-themes/tree/Rose-Pine"
"Tokyo Night" "https://github.com/HyDE-Project/hyde-themes/tree/Tokyo-Night"
"Decay Green" "https://github.com/HyDE-Project/hyde-themes/tree/Decay-Green"
"Edge Runner" "https://github.com/HyDE-Project/hyde-themes/tree/Edge-Runner"
"Gruvbox Retro" "https://github.com/HyDE-Project/hyde-themes/tree/Gruvbox-Retro"
"Cosmic Blue" "https://github.com/Maroc02/Cosmic-Blue/tree/main"
"Moonlight" "https://github.com/Maroc02/Moonlight/tree/main"
"Ever Blushing" "https://github.com/rishav12s/Ever-Blushing/tree/main"
"Vanta Black" "https://github.com/rishav12s/Vanta Black/tree/main"
"Eternal Arctic" "https://github.com/rishav12s/Eternal Arctic/tree/main"
"Abyssal-Wave" "https://github.com/Itz-Abhishek-Tiwari/Abyssal-Wave/tree/main"
"Code Garden" "https://github.com/jacobfranco/Code-Garden/tree/main"
"Tundra" "https://github.com/Prof-Shiba/Tundra/tree/main"
"Green Lush" "https://github.com/abenezerw/Green-Lush/tree/main"
"Crimson Blade" "https://github.com/cyb3rgh0u1/Crimson-Blade/tree/main"
